2026-06-15 05:11:53,153 [INFO] worker: Starting Worker: LocalWorker
2026-06-15 05:11:53,153 [INFO] worker: Master URL: http://localhost:8000
2026-06-15 05:11:53,154 [INFO] worker: Updating SimulationCraft engine...
2026-06-15 05:11:53,284 [INFO] worker: Checking SimulationCraft repository at /Users/hami/.simc...
2026-06-15 05:11:53,284 [INFO] worker: SimulationCraft repository found. Pulling latest changes...
2026-06-15 05:11:53,702 [INFO] worker: Already up to date.
2026-06-15 05:11:53,713 [INFO] worker: Building SimulationCraft Engine...
2026-06-15 05:11:53,791 [INFO] worker: [simc] Compiling util/git_info.cpp
2026-06-15 05:11:53,830 [INFO] worker: [simc] Linking simc
2026-06-15 05:11:53,950 [INFO] worker: Build complete.
2026-06-15 05:11:53,962 [INFO] worker: SimulationCraft update finished with code 0
2026-06-15 05:11:54,098 [INFO] worker: Connection lost or error: server rejected WebSocket connection: HTTP 403.
2026-06-15 05:11:54,098 [INFO] worker: Retrying in 5 seconds...
2026-06-15 05:11:59,113 [INFO] worker: Connection lost or error: server rejected WebSocket connection: HTTP 403.
2026-06-15 05:11:59,114 [INFO] worker: Retrying in 5 seconds...
2026-06-15 05:12:04,127 [INFO] worker: Connection lost or error: server rejected WebSocket connection: HTTP 403.
2026-06-15 05:12:04,128 [INFO] worker: Retrying in 5 seconds...
2026-06-15 05:12:09,142 [INFO] worker: Connection lost or error: server rejected WebSocket connection: HTTP 403.
2026-06-15 05:12:09,143 [INFO] worker: Retrying in 5 seconds...
2026-06-15 05:12:12,045 [INFO] worker: Worker received signal 15, initiating graceful shutdown...
2026-06-15 05:12:12,046 [INFO] worker: Worker received signal 15, initiating graceful shutdown...
2026-06-15 05:12:14,146 [INFO] worker: Shutdown signal received — finishing current task if any...
